// Jest Snapshot v1, https://goo.gl/fbAQLP

exports[`pruebas en <RegisterScreen/> should  de hacer snapshot  1`] = `
<div>
  <h3
    className="auth__title"
  >
    Register
  </h3>
  <form
    className="animate__animated animate__fadeIn animate__faster"
    onSubmit={[Function]}
  >
    <input
      autoComplete="off"
      className="auth__input"
      name="name"
      onChange={[Function]}
      placeholder="Name"
      type="text"
      value="isai"
    />
    <input
      autoComplete="off"
      className="auth__input"
      name="email"
      onChange={[Function]}
      placeholder="Email"
      type="text"
      value="email@emial.com"
    />
    <input
      className="auth__input"
      name="password"
      onChange={[Function]}
      placeholder="password"
      type="password"
      value="password"
    />
    <input
      className="auth__input"
      name="password2"
      onChange={[Function]}
      placeholder=" confirm password"
      type="password"
      value="password"
    />
    <button
      className="btn btn-primary btn-block mb-5"
      type="submit"
    >
      Register
    </button>
    <a
      className="link "
      href="/auth/login"
      onClick={[Function]}
    >
      Already register?
    </a>
  </form>
</div>
`;
